
> @continuum/relayer@0.1.0 start
> node dist/server.js

Relayer configured for devnet
RPC Endpoint: https://api.devnet.solana.com
Continuum Program: 7uLunyG2Gr1uVNAS32qS4pKn7KkioTRvmKwpYgJeK65m
CP-Swap Program: GkenxCtvEabZrwFf15D3E6LjoZTywH2afNwiqDwthyDp
Supported Pools: 2
[32minfo[39m: Starting Continuum relayer service... {"timestamp":"2025-09-17T11:33:38.856Z"}
[32minfo[39m: Relayer address: {"timestamp":"2025-09-17T11:33:38.858Z"}
[32minfo[39m: Relayer balance: 7.97728747 SOL {"timestamp":"2025-09-17T11:33:39.661Z"}
[32minfo[39m: Relayer service started {"timestamp":"2025-09-17T11:33:39.662Z"}
[32minfo[39m: Relayer server listening on port 8082 {"timestamp":"2025-09-17T11:33:39.665Z"}
[32minfo[39m: WebSocket endpoint: ws://localhost:8082/ws {"timestamp":"2025-09-17T11:33:39.665Z"}
[32minfo[39m: HTTP API endpoint: http://localhost:8082/api/v1 {"timestamp":"2025-09-17T11:33:39.665Z"}
ValidationError: The Express 'trust proxy' setting is true, which allows anyone to trivially bypass IP-based rate limiting. See https://express-rate-limit.github.io/ERR_ERL_PERMISSIVE_TRUST_PROXY/ for more information.
    at Object.trustProxy (/home/ubuntu/ctm_wrapper_fs/relayer/node_modules/express-rate-limit/dist/index.cjs:167:13)
    at wrappedValidations.<computed> [as trustProxy] (/home/ubuntu/ctm_wrapper_fs/relayer/node_modules/express-rate-limit/dist/index.cjs:397:22)
    at Object.keyGenerator (/home/ubuntu/ctm_wrapper_fs/relayer/node_modules/express-rate-limit/dist/index.cjs:657:20)
    at /home/ubuntu/ctm_wrapper_fs/relayer/node_modules/express-rate-limit/dist/index.cjs:710:32
    at process.processTicksAndRejections (node:internal/process/task_queues:105:5)
    at async /home/ubuntu/ctm_wrapper_fs/relayer/node_modules/express-rate-limit/dist/index.cjs:691:5 {
  code: 'ERR_ERL_PERMISSIVE_TRUST_PROXY',
  help: 'https://express-rate-limit.github.io/ERR_ERL_PERMISSIVE_TRUST_PROXY/'
}
Killed
{"level":"info","message":"Starting Continuum relayer service...","timestamp":"2025-09-17T11:38:42.466Z"}
{"level":"info","message":"Relayer address:","timestamp":"2025-09-17T11:38:42.469Z"}
{"level":"info","message":"Relayer balance: 7.97728747 SOL","timestamp":"2025-09-17T11:38:43.275Z"}
{"level":"info","message":"Relayer service started","timestamp":"2025-09-17T11:38:43.276Z"}
{"level":"info","message":"Relayer server listening on port 8083","timestamp":"2025-09-17T11:38:43.278Z"}
{"level":"info","message":"WebSocket endpoint: ws://localhost:8083/ws","timestamp":"2025-09-17T11:38:43.279Z"}
{"level":"info","message":"HTTP API endpoint: http://localhost:8083/api/v1","timestamp":"2025-09-17T11:38:43.279Z"}
{"level":"info","message":"Starting Continuum relayer service...","timestamp":"2025-09-17T13:28:10.831Z"}
{"level":"info","message":"Relayer address:","timestamp":"2025-09-17T13:28:10.834Z"}
{"level":"info","message":"Relayer balance: 7.97728747 SOL","timestamp":"2025-09-17T13:28:11.637Z"}
{"level":"info","message":"Relayer service started","timestamp":"2025-09-17T13:28:11.638Z"}
{"level":"info","message":"Relayer server listening on port 8082","timestamp":"2025-09-17T13:28:11.640Z"}
{"level":"info","message":"WebSocket endpoint: ws://localhost:8082/ws","timestamp":"2025-09-17T13:28:11.640Z"}
{"level":"info","message":"HTTP API endpoint: http://localhost:8082/api/v1","timestamp":"2025-09-17T13:28:11.641Z"}
{"level":"info","message":"Starting Continuum relayer service...","timestamp":"2025-09-17T13:30:49.114Z"}
{"level":"info","message":"Relayer address:","timestamp":"2025-09-17T13:30:49.118Z"}
{"level":"info","message":"Relayer balance: 7.97728747 SOL","timestamp":"2025-09-17T13:30:49.675Z"}
{"level":"info","message":"Shutting down relayer...","timestamp":"2025-09-17T13:55:09.660Z"}
{"level":"info","message":"Shutting down relayer...","timestamp":"2025-09-17T13:55:09.659Z"}
{"level":"info","message":"Starting Continuum relayer service...","timestamp":"2025-09-17T13:55:49.686Z"}
{"level":"info","message":"Relayer address:","timestamp":"2025-09-17T13:55:49.690Z"}
{"level":"info","message":"Relayer balance: 7.97728747 SOL","timestamp":"2025-09-17T13:55:50.542Z"}
{"level":"info","message":"Relayer service started","timestamp":"2025-09-17T13:55:50.543Z"}
{"level":"info","message":"Relayer server listening on port 8084","timestamp":"2025-09-17T13:55:50.547Z"}
{"level":"info","message":"WebSocket endpoint: ws://localhost:8084/ws","timestamp":"2025-09-17T13:55:50.547Z"}
{"level":"info","message":"HTTP API endpoint: http://localhost:8084/api/v1","timestamp":"2025-09-17T13:55:50.548Z"}
{"level":"info","message":"Starting Continuum relayer service...","timestamp":"2025-09-17T13:57:20.524Z"}
{"level":"info","message":"Relayer address:","timestamp":"2025-09-17T13:57:20.527Z"}
{"level":"info","message":"Relayer balance: 7.97728747 SOL","timestamp":"2025-09-17T13:57:21.391Z"}
{"level":"info","message":"Relayer service started","timestamp":"2025-09-17T13:57:21.398Z"}
{"level":"info","message":"Relayer server listening on port 8085","timestamp":"2025-09-17T13:57:21.401Z"}
{"level":"info","message":"WebSocket endpoint: ws://localhost:8085/ws","timestamp":"2025-09-17T13:57:21.402Z"}
{"level":"info","message":"HTTP API endpoint: http://localhost:8085/api/v1","timestamp":"2025-09-17T13:57:21.402Z"}
